./build/LCSH6795_LWT_L/LWG/dhl/database/CompTrcDefs.lst
./build/LCSH6795_LWT_L/LWG/tmp/~inc_def.tmp
build/LCSH6795_LWT_L/LWG/bin/dep/codegen_dep/cgen_preflow.det
./build/LCSH6795_LWT_L/LWG/dhl/database/enumFileCustomAppSrc
build/LCSH6795_LWT_L/LWG/bin/dep/codegen_dep/cgen_cm.det
build/LCSH6795_LWT_L/LWG/bin/dep/codegen_dep/cgen_ps_Modem.det
./build/LCSH6795_LWT_L/LWG/dhl/database/pstrace_db/ps_trace.h
build/LCSH6795_LWT_L/LWG/bin/dep/codegen_dep/cgen_db_sig.det
build/LCSH6795_LWT_L/LWG/bin/dep/codegen_dep/log2SD_Catcher_filters.det
./build/LCSH6795_LWT_L/LWG/dhl/database/log2SD_Catcher_filters.ini
./build/LCSH6795_LWT_L/LWG/dhl/src/tst_file_default_Catcher_filter.c
./build/LCSH6795_LWT_L/LWG/dhl/src/tst_mini_log_default_Catcher_filter.c
./build/LCSH6795_LWT_L/LWG/dhl/database/catcher_filter.bin
./build/LCSH6795_LWT_L/LWG/dhl/database/dsp_filter.bin
./build/LCSH6795_LWT_L/LWG/dhl/database/merge_filter.bin
build/LCSH6795_LWT_L/LWG/bin/dep/codegen_dep/cgen_filter_gen_Modem.det
build/LCSH6795_LWT_L/LWG/bin/dep/codegen_dep/cgen_cfg_Modem.det
build/LCSH6795_LWT_L/LWG/bin/dep/codegen_dep/codegen.det
./build/LCSH6795_LWT_L/LWG/dhl/database/cgenModem.cfg
./build/LCSH6795_LWT_L/LWG/dhl/lte_sec/database/cgenModem_sec.cfg
./build/LCSH6795_LWT_L/LWG/dhl/database/BPLGUInfoCustomAppSrcP_MT6795_S00_MOLY_LR9_W1423_MD_LWTG_MP_V24
./build/LCSH6795_LWT_L/LWG/dhl/lte_sec/database/BPLGUInfoCustomAppSrcP_MT6795_S00_MOLY_LR9_W1423_MD_LWTG_MP_V24_sec
