./build/LCSH6795_LWT_L/LWG/custom/system/custom_blconfig.c
./build/LCSH6795_LWT_L/LWG/custom/system/custom_config.c
./build/LCSH6795_LWT_L/LWG/custom/system/custom_demp.c
./build/LCSH6795_LWT_L/LWG/custom/system/custom_fota.c
./build/LCSH6795_LWT_L/LWG/custom/system/custom_img_config.c
./build/LCSH6795_LWT_L/LWG/custom/system/custom_scatstruct.c
./build/LCSH6795_LWT_L/LWG/custom/system/custom_sds_dp.c
./build/LCSH6795_LWT_L/LWG/dhl/src/tst_file_default_Catcher_filter.c
./build/LCSH6795_LWT_L/LWG/dhl/src/tst_mini_log_default_Catcher_filter.c
./build/LCSH6795_LWT_L/LWG/nvram_auto_gen/custom_nvram_restore.c
./build/LCSH6795_LWT_L/LWG/nvram_auto_gen/custom_nvram_secro.c
./build/LCSH6795_LWT_L/LWG/nvram_auto_gen/custom_nvram_secro_tbl.c
custom/driver/audio/_Default_BB/MT6795/afe.c
custom/driver/audio/_Default_BB/MT6795/audcoeff.c
custom/driver/audio/_Default_BB/MT6795/nvram_default_audio.c
custom/driver/common/adc_nvram_def.c
custom/driver/common/aud_I2S_config.c
custom/driver/common/aud_common.c
custom/driver/common/combo_flash_init.c
custom/driver/common/combo_flash_nor.c
custom/driver/common/custom_EMI_MT6280.c
custom/driver/common/custom_EMI_MT6290.c
custom/driver/common/custom_EMI_SP.c
custom/driver/common/custom_SFI.c
custom/driver/common/custom_flash.c
custom/driver/common/custom_flash_norfdm5.c
custom/driver/common/fmr_config_customize.c
custom/driver/common/gps_common_config.c
custom/driver/drv/ast/ast_hif_hw.c
custom/driver/drv/misc_drv/_Default_BB/MT6795/MT6302_custom.c
custom/driver/drv/misc_drv/_Default_BB/MT6795/MT6306_custom.c
custom/driver/drv/misc_drv/_Default_BB/MT6795/adc_channel.c
custom/driver/drv/misc_drv/_Default_BB/MT6795/alerter_tone.c
custom/driver/drv/misc_drv/_Default_BB/MT6795/alerterdrv.c
custom/driver/drv/misc_drv/_Default_BB/MT6795/aux_custom.c
custom/driver/drv/misc_drv/_Default_BB/MT6795/chr_parameter.c
custom/driver/drv/misc_drv/_Default_BB/MT6795/cmmb_custom_if.c
custom/driver/drv/misc_drv/_Default_BB/MT6795/custom_drv_init.c
custom/driver/drv/misc_drv/_Default_BB/MT6795/custom_equipment.c
custom/driver/drv/misc_drv/_Default_BB/MT6795/custom_hw_default.c
custom/driver/drv/misc_drv/_Default_BB/MT6795/custom_sim_driver.c
custom/driver/drv/misc_drv/_Default_BB/MT6795/eint_def.c
custom/driver/drv/misc_drv/_Default_BB/MT6795/exif_custom.c
custom/driver/drv/misc_drv/_Default_BB/MT6795/gpio_drv.c
custom/driver/drv/misc_drv/_Default_BB/MT6795/irda_custom.c
custom/driver/drv/misc_drv/_Default_BB/MT6795/keypad_def.c
custom/driver/drv/misc_drv/_Default_BB/MT6795/msdc_custom.c
custom/driver/drv/misc_drv/_Default_BB/MT6795/pmic_custom.c
custom/driver/drv/misc_drv/_Default_BB/MT6795/pmu_custom.c
custom/driver/drv/misc_drv/_Default_BB/MT6795/pwmdrv.c
custom/driver/drv/misc_drv/_Default_BB/MT6795/pxs_custom.c
custom/driver/drv/misc_drv/_Default_BB/MT6795/touch_panel_custom.c
custom/driver/drv/misc_drv/_Default_BB/MT6795/touch_panel_spi.c
custom/driver/drv/misc_drv/_Default_BB/MT6795/tv_custom.c
custom/driver/drv/misc_drv/_Default_BB/MT6795/two_mic_NR_custom_if.c
custom/driver/drv/misc_drv/_Default_BB/MT6795/uart_def.c
custom/driver/drv/misc_drv/_Default_BB/MT6795/uem_gpio.c
custom/driver/drv/misc_drv/_Default_BB/MT6795/usb_custom.c
custom/driver/drv/misc_drv/_Default_BB/MT6795/usb_host_ms_custom.c
custom/middleware/common/audio_nvram_def.c
custom/middleware/common/custom_nvram_config.c
custom/middleware/common/custom_sec_key.c
custom/middleware/common/fs_quota.c
custom/middleware/common/meta_customize.c
custom/middleware/common/resource_audio.c
custom/middleware/common/usbc_custom.c
custom/middleware/meta/MT6795_SP_MP/LWG/ft_customize.c
custom/modem/common/atci/src/rmmi_ats.c
custom/modem/common/atci/src/rmmi_msgbased_at.c
custom/modem/common/atci/src/rmmi_validator_custom_op01.c
custom/modem/common/atci/src/rmmi_validator_custom_tc01.c
custom/modem/common/custom_ecc.c
custom/modem/common/custom_led_patterns.c
custom/modem/common/ps/custom_atcmd_parse.c
custom/modem/common/ps/custom_cise_config.c
custom/modem/common/ps/custom_eas_config.c
custom/modem/common/ps/custom_em.c
custom/modem/common/ps/custom_em_dummyDrv.c
custom/modem/common/ps/custom_esm_config.c
custom/modem/common/ps/custom_flc_config.c
custom/modem/common/ps/custom_gas_config.c
custom/modem/common/ps/custom_gprs_pdp_config.c
custom/modem/common/ps/custom_gprs_pdp_value_check.c
custom/modem/common/ps/custom_l4_utility.c
custom/modem/common/ps/custom_mm_config.c
custom/modem/common/ps/custom_nvram_extra.c
custom/modem/common/ps/custom_nwsel_config.c
custom/modem/common/ps/custom_recovery_timer.c
custom/modem/common/ps/custom_rrce_config.c
custom/modem/common/ps/custom_sms_config.c
custom/modem/common/ps/custom_uas_config.c
custom/modem/common/ps/custom_uem.c
custom/modem/common/ps/custom_umac.c
custom/modem/common/ps/custom_ups_config.c
custom/modem/common/ps/custom_urlc_config.c
custom/modem/common/ps/customer_at_command.c
custom/modem/common/ps/customer_band_block_default_setting.c
custom/modem/common/ps/customer_cb_service_by_plmn.c
custom/modem/common/ps/customer_cm_retry_count.c
custom/modem/common/ps/customer_cmux_setting.c
custom/modem/common/ps/customer_gas_command.c
custom/modem/common/ps/customer_l4c_msghdlr.c
custom/modem/common/ps/customer_mbim_config.c
custom/modem/common/ps/customer_operator_name.c
custom/modem/common/ps/customer_pwr_level_report.c
custom/modem/common/ps/customer_sms_discard_patent.c
custom/modem/common/ps/customer_sms_force_read_smsp.c
custom/modem/common/ps/customer_sms_msg_box_num.c
custom/modem/common/ps/customer_sms_prefer_order.c
custom/modem/common/ps/customer_sms_tl_retry.c
custom/modem/common/ps/lmmi_ind.c
custom/modem/common/ps/lmmi_rsp.c
custom/modem/common/ps/ul1_nvram_def.c
custom/modem/el1_rf/MT6795_LTE_MT6169_CUSTOM/lte_custom_drdi.c
custom/modem/el1_rf/MT6795_LTE_MT6169_CUSTOM/lte_custom_mipi.c
custom/modem/el1_rf/MT6795_LTE_MT6169_CUSTOM/lte_custom_rf.c
custom/modem/l1_rf/MT6795_2G_MT6169_CUSTOM/l1d_custom_mipi.c
custom/modem/l1_rf/MT6795_2G_MT6169_CUSTOM/m12193.c
custom/modem/mml1_rf/MT6795_MMRF_DRDI_CUSTOM/mml1_custom_drdi.c
custom/modem/mml1_rf/MT6795_MMRF_DRDI_CUSTOM/mml1_custom_mipi.c
custom/modem/mml1_rf/MT6795_MMRF_DRDI_CUSTOM/mml1_custom_rf.c
custom/modem/ps/MT6795_SP_MP/LWG/Customer_sim_voltage_support.c
custom/modem/ps/MT6795_SP_MP/LWG/customer_supc_config.c
custom/modem/ul1_rf/MT6795_UMTS_FDD_MT6169_CUSTOM/u12193.c
custom/modem/ul1_rf/MT6795_UMTS_FDD_MT6169_CUSTOM/ul1d_custom_mipi.c
custom/modem/ul1_rf/MT6795_UMTS_FDD_MT6169_CUSTOM/wcustomdata.c
custom/service/fs/fs_config.c
custom/service/nvram/custom_nvram_cat.c
custom/service/nvram/custom_nvram_int_config.c
custom/service/nvram/custom_nvram_sec.c
custom/service/nvram/ex_nvram_def.c
custom/service/nvram/nvram_cust_pack.c
custom/service/nvram/nvram_custpack_table_lid.c
custom/service/nvram/nvram_data_items.c
custom/service/tst/dhl_export_config.c

