[Check any error related two-phase linking...]
enter to check link error...
Need to enter two-phase linking process.
perl tools/ModemReservedSize_AutoConfig.pl ./build/LCSH6795_LWT_L/LWG/bin/LCSH6795_LWT_L_MDBIN_PCB01_MT6795_S00.map ./build/LCSH6795_LWT_L/LWG/bin/LCSH6795_LWT_L_MDBIN_PCB01_MT6795_S00.sym ./build/LCSH6795_LWT_L/LWG/custom/system/ldsLCSH6795_LWT_L.txt ./build/LCSH6795_LWT_L/LWG/custom/system "build/LCSH6795_LWT_L/LWG/bin/~LCSH6795_LWT_L(LWG).mak" ./build/LCSH6795_LWT_L/LWG/tmp/~ModemReservedSize_AutoConfig.tmp ./build/LCSH6795_LWT_L/LWG/tmp/AAPMC.log ./build/LCSH6795_LWT_L/LWG/bin/log/infomake.log ./build/LCSH6795_LWT_L/LWG/tmp/~copro_info.tmp> ./build/LCSH6795_LWT_L/LWG/bin/log/ModemReservedSize_AutoConfig.log 2>&1
Result[4]: Calculating correct Modem Reserved Size value...Done.
The adjustment of memory configuration is done and refer to ./build/LCSH6795_LWT_L/LWG/bin/log/ModemReservedSize_AutoConfig.log
====================================================================
AutoConfig is enabled
----------------------------Auto Adjust--------------------------
Actual ROM(Load View) Size = 0x893b98
current ROM Length in LDS= 0xe00000
current RAM Origin in LDS = 0xe00000
current RAM Length in LDS= 0x4200000
current 1stER in ram = EXTSRAM, VMA=0xe00000
current RAM Usage = 0x336732c
current RAM Reserved Sizes = 0x40000
current RAM Margin = 0xe58cd4
current at least Margin setting = 0x80000
expected ROM Sizes = 0x900000
expected VRAM Base = 0xa00000
expected RAM Sizes = 0x3500000
expected MD Sizes to be 1MB aligned:
expected MD_LV Sizes to be 2MB aligned:
expected MD Sizes(ROM+RAM) = 0x3f00000 = 63 MB 
-----------------------------------------------------------------
Modify ROM Length = 0x900000
Modify RAM ORIGIN = 0xa00000
Modify RAM Length = 0x3500000
-----------------------------------------------------------------
RESULT = [4]AUTOCONFIG_SELF_MODIFY_SUCCESS, PASS
====================================================================

