os environment : linux
Load path:./build/LCSH6795_LWT_L/LWG/tmp
custom memory device:./build/LCSH6795_LWT_L/LWG/custom/system/custom_MemoryDevice.h
makefile: build/LCSH6795_LWT_L/LWG/bin/~LCSH6795_LWT_L(LWG).mak
inside_mtk : 0
OutputFile: ./build/LCSH6795_LWT_L/LWG/custom/system/custom_EMI.h, ./build/LCSH6795_LWT_L/LWG/custom/system/custom_EMI_INFO.h, ./build/LCSH6795_LWT_L/LWG/custom/system/custom_EMI_release.h, ./build/LCSH6795_LWT_L/LWG/custom/system/custom_EMI.c, ./build/LCSH6795_LWT_L/LWG/custom/system/custom_SFI.h, ./build/LCSH6795_LWT_L/LWG/custom/system/custom_flash.h, ./build/LCSH6795_LWT_L/LWG/custom/system/flash_opt_gen.h, ./build/LCSH6795_LWT_L/LWG/custom/system/custom_flash_norfdm5.h, ./build/LCSH6795_LWT_L/LWG/custom/system/combo_flash_config.h, ./build/LCSH6795_LWT_L/LWG/custom/system/combo_flash_id.h, ./build/LCSH6795_LWT_L/LWG/custom/system/combo_sfi_config.h, ./build/LCSH6795_LWT_L/LWG/custom/system/combo_sfi_defs.h, ./build/LCSH6795_LWT_L/LWG/custom/system/combo_nfi_config.h
os environment : linux
Load path:./build/LCSH6795_LWT_L/LWG/tmp
custom memory device:./build/LCSH6795_LWT_L/LWG/custom/system/custom_MemoryDevice.h
makefile: build/LCSH6795_LWT_L/LWG/bin/~LCSH6795_LWT_L(LWG).mak
inside_mtk : 0
OutputFile: ./build/LCSH6795_LWT_L/LWG/custom/system/custom_EMI.h, ./build/LCSH6795_LWT_L/LWG/custom/system/custom_EMI_INFO.h, ./build/LCSH6795_LWT_L/LWG/custom/system/custom_EMI_release.h, ./build/LCSH6795_LWT_L/LWG/custom/system/custom_EMI.c, ./build/LCSH6795_LWT_L/LWG/custom/system/custom_SFI.h, ./build/LCSH6795_LWT_L/LWG/custom/system/custom_flash.h, ./build/LCSH6795_LWT_L/LWG/custom/system/flash_opt_gen.h, ./build/LCSH6795_LWT_L/LWG/custom/system/custom_flash_norfdm5.h, ./build/LCSH6795_LWT_L/LWG/custom/system/combo_flash_config.h, ./build/LCSH6795_LWT_L/LWG/custom/system/combo_flash_id.h, ./build/LCSH6795_LWT_L/LWG/custom/system/combo_sfi_config.h, ./build/LCSH6795_LWT_L/LWG/custom/system/combo_sfi_defs.h, ./build/LCSH6795_LWT_L/LWG/custom/system/combo_nfi_config.h
LPSDRAM_CHIP_SELECT:255, cs:0
LPSDRAM_CHIP_SELECT:0, cs:1
BAKCUP_MDL_PATH match with /build/ PREMATCH:./, MATCH:build, POSTMATCH:/LCSH6795_LWT_L/LWG/tmp
file is tools/MemoryDeviceList/MemoryDeviceList_MT6795_SinceW1443.xls
1:,2:/MemoryDeviceList/,3:MT6795_SinceW1443
cp -f tools/MemoryDeviceList/MemoryDeviceList_MT6795_SinceW1443.xls build/LCSH6795_LWT_L/LWG/tmp/MemoryDeviceList_MT6795_SinceW1443_RAM_2026_09_19_15_59_43376051.xls
[sheetname]: RAM, row:{0, 3}, col:{0, 2}
$href->{0}->{Density (Mb)} = 768
$href->{0}->{Vendor} = NA
$href->{0}->{Part Number} = NA
$MDL_INFO_LIST[1]->{0}->{Part Number} = NA
$MDL_INFO_LIST[1]->{0}->{Density (Mb)} = 768
$MDL_INFO_LIST[1]->{0}->{Vendor} = NA
FAT SPACE is: 0, BlockSize is: 0, SectorSize is 512

./build/LCSH6795_LWT_L/LWG/custom/system/custom_EMI_release.h is generated

./build/LCSH6795_LWT_L/LWG/custom/system/flash_opt_gen.h is generated
custom_flash.h ./build/LCSH6795_LWT_L/LWG/custom/system/custom_MemoryDevice.h

./build/LCSH6795_LWT_L/LWG/custom/system/custom_flash.h is generated

./build/LCSH6795_LWT_L/LWG/custom/system/combo_flash_config.h is generated
No flash support!

./build/LCSH6795_LWT_L/LWG/custom/system/combo_flash_id.h is generated
