Library Name                                                                     Size(byte)      Modified Time
==========================================================================================================================
./mtk_rel/LCSH6795_LWT_L/LWG/lib/libnucleus_v2.a                                 21600           2026.07.11.11.30.24
./mtk_rel/LCSH6795_LWT_L/LWG/lib/libnucleus_v2_int.a                             17100           2026.07.11.11.30.24
./mtk_rel/LCSH6795_LWT_L/LWG/lib/libnucleus_v2_ctrl_code.a                       51970           2026.07.11.11.30.24
./mtk_rel/LCSH6795_LWT_L/LWG/lib/libnucleus_v2_critical_data.a                   13908           2026.07.11.11.30.24
./mtk_rel/LCSH6795_LWT_L/LWG/lib/libnucleus_v2_debug.a                           19882           2026.07.11.11.30.24
./mtk_rel/LCSH6795_LWT_L/LWG/lib/libnvram_sec.a                                  8080            2026.07.11.11.30.24
./mtk_rel/LCSH6795_LWT_L/LWG/lib/libsim.a                                        237472          2026.07.11.11.30.25
./mtk_rel/LCSH6795_LWT_L/LWG/lib/libnwsel.a                                      239278          2026.07.11.11.30.24
./mtk_rel/LCSH6795_LWT_L/LWG/lib/libcc.a                                         177150          2026.07.11.11.29.55
./mtk_rel/LCSH6795_LWT_L/LWG/lib/libciss.a                                       53462           2026.07.11.11.29.55
./mtk_rel/LCSH6795_LWT_L/LWG/lib/libsms.a                                        88534           2026.07.11.11.30.26
./mtk_rel/LCSH6795_LWT_L/LWG/lib/libdata.a                                       1412            2026.07.11.11.29.55
./mtk_rel/LCSH6795_LWT_L/LWG/lib/libkal.a                                        266934          2026.07.11.11.30.21
./mtk_rel/LCSH6795_LWT_L/LWG/lib/libsst.a                                        155110          2026.07.11.11.30.26
./mtk_rel/LCSH6795_LWT_L/LWG/lib/libfdm.a                                        145846          2026.07.11.11.30.15
./mtk_rel/LCSH6795_LWT_L/LWG/lib/libmtkdebug.a                                   4422            2026.07.11.11.30.24
./mtk_rel/LCSH6795_LWT_L/LWG/lib/libll1.a                                        133452          2026.07.11.11.30.22
./mtk_rel/LCSH6795_LWT_L/LWG/lib/libul1_hs_plus.a                                3302706         2026.07.11.11.30.38
./mtk_rel/LCSH6795_LWT_L/LWG/lib/libbytecopy.a                                   6714            2026.07.11.11.29.55
./mtk_rel/LCSH6795_LWT_L/LWG/lib/libmml1_rf.a                                    51486           2026.07.11.11.30.23
./mtk_rel/LCSH6795_LWT_L/LWG/lib/libmrs.a                                        89002           2026.07.11.11.30.24
./mtk_rel/LCSH6795_LWT_L/LWG/lib/libgl1.a                                        1604848         2026.07.11.11.30.20
./mtk_rel/LCSH6795_LWT_L/LWG/lib/libmm.a                                         559198          2026.07.11.11.30.23
./mtk_rel/LCSH6795_LWT_L/LWG/lib/libgas.a                                        2850728         2026.07.11.11.30.19
./mtk_rel/LCSH6795_LWT_L/LWG/lib/libratcm.a                                      95416           2026.07.11.11.30.25
./mtk_rel/LCSH6795_LWT_L/LWG/lib/libl4.a                                         2421260         2026.09.15.18.49.13
./mtk_rel/LCSH6795_LWT_L/LWG/lib/libtftlib.a                                     54726           2026.07.11.11.30.26
./mtk_rel/LCSH6795_LWT_L/LWG/lib/liberac.a                                       32706           2026.07.11.11.30.13
./mtk_rel/LCSH6795_LWT_L/LWG/lib/libetcm.a                                       128188          2026.07.11.11.30.14
./mtk_rel/LCSH6795_LWT_L/LWG/lib/libratdm.a                                      127796          2026.07.11.11.30.25
./mtk_rel/LCSH6795_LWT_L/LWG/lib/libratdm_sec.a                                  3780            2026.07.11.11.30.25
./mtk_rel/LCSH6795_LWT_L/LWG/lib/libuas.a                                        6105278         2026.07.11.11.30.36
./mtk_rel/LCSH6795_LWT_L/LWG/lib/libfsm.a                                        18308           2026.07.11.11.30.17
./mtk_rel/LCSH6795_LWT_L/LWG/lib/libsndcp.a                                      79088           2026.07.11.11.30.26
./mtk_rel/LCSH6795_LWT_L/LWG/lib/libsm.a                                         245728          2026.07.11.11.30.26
./mtk_rel/LCSH6795_LWT_L/LWG/lib/libllc.a                                        126438          2026.07.11.11.30.22
./mtk_rel/LCSH6795_LWT_L/LWG/lib/libul2.a                                        4880094         2026.07.11.11.30.41
./mtk_rel/LCSH6795_LWT_L/LWG/lib/libmcd.a                                        146508          2026.07.11.11.30.23
./mtk_rel/LCSH6795_LWT_L/LWG/lib/libdhl.a                                        10057682        2026.07.11.11.30.01
./mtk_rel/LCSH6795_LWT_L/LWG/lib/libevent_info.a                                 3914            2026.07.11.11.30.14
./mtk_rel/LCSH6795_LWT_L/LWG/lib/libimc.a                                        264878          2026.07.11.11.30.20
./mtk_rel/LCSH6795_LWT_L/LWG/lib/libvdm.a                                        169514          2026.07.11.11.30.42
./mtk_rel/LCSH6795_LWT_L/LWG/lib/librtp.a                                        42100           2026.07.11.11.30.25
./mtk_rel/LCSH6795_LWT_L/LWG/lib/libltecsr.a                                     82732           2026.07.11.11.30.23
./mtk_rel/LCSH6795_LWT_L/LWG/lib/libltecsr_src.a                                 11594           2026.07.11.11.30.23
./mtk_rel/LCSH6795_LWT_L/LWG/lib/libsdm.a                                        14880           2026.07.11.11.30.25
./mtk_rel/LCSH6795_LWT_L/LWG/lib/libimsp.a                                       134944          2026.07.11.11.30.20
./mtk_rel/LCSH6795_LWT_L/LWG/lib/libimcsms.a                                     45932           2026.07.11.11.30.20
./mtk_rel/LCSH6795_LWT_L/LWG/lib/libedsp.a                                       4016            2026.07.11.11.30.01
./mtk_rel/LCSH6795_LWT_L/LWG/lib/libsleep_drv.a                                  49064           2026.07.11.11.30.26
./mtk_rel/LCSH6795_LWT_L/LWG/lib/libqmu_bm.a                                     44418           2026.07.11.11.30.24
./mtk_rel/LCSH6795_LWT_L/LWG/lib/libtft_pf.a                                     13094           2026.07.11.11.30.26
./mtk_rel/LCSH6795_LWT_L/LWG/lib/libratadp.a                                     8422            2026.07.11.11.30.25
./mtk_rel/LCSH6795_LWT_L/LWG/lib/libupcm.a                                       19112           2026.07.11.11.30.42
./mtk_rel/LCSH6795_LWT_L/LWG/lib/libsys_svc_sec.a                                9742            2026.07.11.11.30.26
./mtk_rel/LCSH6795_LWT_L/LWG/lib/librsva.a                                       93414           2026.07.11.11.30.25
./mtk_rel/LCSH6795_LWT_L/LWG/lib/libas_semaphore_utility.a                       5362            2026.07.11.11.29.55
./mtk_rel/LCSH6795_LWT_L/LWG/lib/liblbs.a                                        161566          2026.07.11.11.30.22
./mtk_rel/LCSH6795_LWT_L/LWG/lib/libdp_engine.a                                  68222           2026.07.11.11.30.01
./mtk_rel/LCSH6795_LWT_L/LWG/lib/librohc.a                                       302834          2026.07.11.11.30.25
./mtk_rel/LCSH6795_LWT_L/LWG/lib/libl2_lte_copro.a                               63524           2026.07.11.11.30.21
./mtk_rel/LCSH6795_LWT_L/LWG/lib/libephy.a                                       186614          2026.09.22.17.06.26
./mtk_rel/LCSH6795_LWT_L/LWG/lib/libhmu_sec.a                                    3908            2026.07.11.11.30.20
./mtk_rel/LCSH6795_LWT_L/LWG/lib/libnmu.a                                        66812           2026.07.11.11.30.24
./mtk_rel/LCSH6795_LWT_L/LWG/lib/libcldmacore.a                                  18770           2026.07.11.11.29.55
./mtk_rel/LCSH6795_LWT_L/LWG/lib/libcldmadev.a                                   26368           2026.07.11.11.29.55
./mtk_rel/LCSH6795_LWT_L/LWG/lib/libwccifdev.a                                   7688            2026.07.11.11.30.42
./mtk_rel/LCSH6795_LWT_L/LWG/lib/lib3g324m_tvt.a                                 32082           2026.07.11.11.29.55
./mtk_rel/LCSH6795_LWT_L/LWG/lib/libflc2_v2.a                                    4285868         2026.07.11.11.30.17
./mtk_rel/LCSH6795_LWT_L/LWG/lib/libflc2_v2_sec.a                                93568           2026.07.11.11.30.17
./mtk_rel/LCSH6795_LWT_L/LWG/lib/libcmux.a                                       54456           2026.07.11.11.29.55
./mtk_rel/LCSH6795_LWT_L/LWG/lib/librfc2507.a                                    46932           2026.07.11.11.30.25
./mtk_rel/LCSH6795_LWT_L/LWG/lib/liblpp.a                                        351476          2026.07.11.11.30.23
./mtk_rel/LCSH6795_LWT_L/LWG/lib/librrlp.a                                       153168          2026.07.11.11.30.25
./mtk_rel/LCSH6795_LWT_L/LWG/lib/libulcs.a                                       128020          2026.07.11.11.30.41
./mtk_rel/LCSH6795_LWT_L/LWG/lib/libscsi.a                                       55394           2026.07.11.11.30.25
./mtk_rel/LCSH6795_LWT_L/LWG/lib/libche.a                                        130788          2026.07.11.11.29.55
./mtk_rel/LCSH6795_LWT_L/LWG/lib/libsst_sec.a                                    9848            2026.07.11.11.30.26
./mtk_rel/LCSH6795_LWT_L/LWG/lib/libdsp_ram.a                                    109492          2026.07.11.11.30.01
./mtk_rel/LCSH6795_LWT_L/LWG/lib/libcipher.a                                     3008            2026.07.11.11.29.55
./mtk_rel/LCSH6795_LWT_L/LWG/lib/libtdd_drv.a                                    1916            2026.07.11.11.30.26
./mtk_rel/LCSH6795_LWT_L/LWG/lib/libbtt_agent.a                                  18836           2026.07.11.11.29.55
                                                                                                 
==========================================================================================================================
