./mtk_rel/LCSH6795_LWT_L/LWG/lib/libnucleus_v2.a
./mtk_rel/LCSH6795_LWT_L/LWG/lib/libnucleus_v2_int.a
./mtk_rel/LCSH6795_LWT_L/LWG/lib/libnucleus_v2_ctrl_code.a
./mtk_rel/LCSH6795_LWT_L/LWG/lib/libnucleus_v2_critical_data.a
./mtk_rel/LCSH6795_LWT_L/LWG/lib/libnucleus_v2_debug.a
./mtk_rel/LCSH6795_LWT_L/LWG/lib/libnvram_sec.a
./mtk_rel/LCSH6795_LWT_L/LWG/lib/libsim.a
./mtk_rel/LCSH6795_LWT_L/LWG/lib/libnwsel.a
./mtk_rel/LCSH6795_LWT_L/LWG/lib/libcc.a
./mtk_rel/LCSH6795_LWT_L/LWG/lib/libciss.a
./mtk_rel/LCSH6795_LWT_L/LWG/lib/libsms.a
./mtk_rel/LCSH6795_LWT_L/LWG/lib/libdata.a
./mtk_rel/LCSH6795_LWT_L/LWG/lib/libsms.a
./mtk_rel/LCSH6795_LWT_L/LWG/lib/libkal.a
./mtk_rel/LCSH6795_LWT_L/LWG/lib/libsst.a
./mtk_rel/LCSH6795_LWT_L/LWG/lib/libfdm.a
./mtk_rel/LCSH6795_LWT_L/LWG/lib/libmtkdebug.a
./mtk_rel/LCSH6795_LWT_L/LWG/lib/libll1.a
./mtk_rel/LCSH6795_LWT_L/LWG/lib/libll1.a
./mtk_rel/LCSH6795_LWT_L/LWG/lib/libul1_hs_plus.a
./mtk_rel/LCSH6795_LWT_L/LWG/lib/libbytecopy.a
./mtk_rel/LCSH6795_LWT_L/LWG/lib/libmml1_rf.a
./mtk_rel/LCSH6795_LWT_L/LWG/lib/libmrs.a
./mtk_rel/LCSH6795_LWT_L/LWG/lib/libgl1.a
./mtk_rel/LCSH6795_LWT_L/LWG/lib/libmm.a
./mtk_rel/LCSH6795_LWT_L/LWG/lib/libgas.a
./mtk_rel/LCSH6795_LWT_L/LWG/lib/libratcm.a
./mtk_rel/LCSH6795_LWT_L/LWG/lib/libl4.a
./mtk_rel/LCSH6795_LWT_L/LWG/lib/libtftlib.a
./mtk_rel/LCSH6795_LWT_L/LWG/lib/liberac.a
./mtk_rel/LCSH6795_LWT_L/LWG/lib/libetcm.a
./mtk_rel/LCSH6795_LWT_L/LWG/lib/libratdm.a
./mtk_rel/LCSH6795_LWT_L/LWG/lib/libratdm_sec.a
./mtk_rel/LCSH6795_LWT_L/LWG/lib/libuas.a
./mtk_rel/LCSH6795_LWT_L/LWG/lib/libfsm.a
./mtk_rel/LCSH6795_LWT_L/LWG/lib/libsndcp.a
./mtk_rel/LCSH6795_LWT_L/LWG/lib/libsm.a
./mtk_rel/LCSH6795_LWT_L/LWG/lib/libllc.a
./mtk_rel/LCSH6795_LWT_L/LWG/lib/libul2.a
./mtk_rel/LCSH6795_LWT_L/LWG/lib/libmcd.a
./mtk_rel/LCSH6795_LWT_L/LWG/lib/libdhl.a
./mtk_rel/LCSH6795_LWT_L/LWG/lib/libevent_info.a
./mtk_rel/LCSH6795_LWT_L/LWG/lib/libimc.a
./mtk_rel/LCSH6795_LWT_L/LWG/lib/libvdm.a
./mtk_rel/LCSH6795_LWT_L/LWG/lib/librtp.a
./mtk_rel/LCSH6795_LWT_L/LWG/lib/libltecsr.a
./mtk_rel/LCSH6795_LWT_L/LWG/lib/libltecsr_src.a
./mtk_rel/LCSH6795_LWT_L/LWG/lib/libsdm.a
./mtk_rel/LCSH6795_LWT_L/LWG/lib/libimsp.a
./mtk_rel/LCSH6795_LWT_L/LWG/lib/libimcsms.a
./mtk_rel/LCSH6795_LWT_L/LWG/lib/libedsp.a
./mtk_rel/LCSH6795_LWT_L/LWG/lib/libsleep_drv.a
./mtk_rel/LCSH6795_LWT_L/LWG/lib/libqmu_bm.a
./mtk_rel/LCSH6795_LWT_L/LWG/lib/libtft_pf.a
./mtk_rel/LCSH6795_LWT_L/LWG/lib/libratadp.a
./mtk_rel/LCSH6795_LWT_L/LWG/lib/libupcm.a
./mtk_rel/LCSH6795_LWT_L/LWG/lib/libsys_svc_sec.a
./mtk_rel/LCSH6795_LWT_L/LWG/lib/librsva.a
./mtk_rel/LCSH6795_LWT_L/LWG/lib/libas_semaphore_utility.a
./mtk_rel/LCSH6795_LWT_L/LWG/lib/liblbs.a
./mtk_rel/LCSH6795_LWT_L/LWG/lib/libdp_engine.a
./mtk_rel/LCSH6795_LWT_L/LWG/lib/libtft_pf.a
./mtk_rel/LCSH6795_LWT_L/LWG/lib/libratadp.a
./mtk_rel/LCSH6795_LWT_L/LWG/lib/libupcm.a
./mtk_rel/LCSH6795_LWT_L/LWG/lib/librohc.a
./mtk_rel/LCSH6795_LWT_L/LWG/lib/libl2_lte_copro.a
./mtk_rel/LCSH6795_LWT_L/LWG/lib/libephy.a
./mtk_rel/LCSH6795_LWT_L/LWG/lib/libhmu_sec.a
./mtk_rel/LCSH6795_LWT_L/LWG/lib/libnmu.a
./mtk_rel/LCSH6795_LWT_L/LWG/lib/libcldmacore.a
./mtk_rel/LCSH6795_LWT_L/LWG/lib/libcldmadev.a
./mtk_rel/LCSH6795_LWT_L/LWG/lib/libwccifdev.a
./mtk_rel/LCSH6795_LWT_L/LWG/lib/lib3g324m_tvt.a
./mtk_rel/LCSH6795_LWT_L/LWG/lib/libflc2_v2.a
./mtk_rel/LCSH6795_LWT_L/LWG/lib/libflc2_v2_sec.a
./mtk_rel/LCSH6795_LWT_L/LWG/lib/libcmux.a
./mtk_rel/LCSH6795_LWT_L/LWG/lib/librfc2507.a
./mtk_rel/LCSH6795_LWT_L/LWG/lib/liblpp.a
./mtk_rel/LCSH6795_LWT_L/LWG/lib/librrlp.a
./mtk_rel/LCSH6795_LWT_L/LWG/lib/libulcs.a
./mtk_rel/LCSH6795_LWT_L/LWG/lib/libscsi.a
./mtk_rel/LCSH6795_LWT_L/LWG/lib/libscsi.a
./mtk_rel/LCSH6795_LWT_L/LWG/lib/libche.a
./mtk_rel/LCSH6795_LWT_L/LWG/lib/libsst_sec.a
./mtk_rel/LCSH6795_LWT_L/LWG/lib/libdsp_ram.a
./mtk_rel/LCSH6795_LWT_L/LWG/lib/libcipher.a
./mtk_rel/LCSH6795_LWT_L/LWG/lib/libtdd_drv.a
./mtk_rel/LCSH6795_LWT_L/LWG/lib/libbtt_agent.a

