USERNAME=
START TIME=2026/09/22 17:06:33 
BUILD START TIME=2026/09/22 17:06:33 
NUMBER_OF_PROCESSORS=
ckmake START TIME=2026/09/22 17:06:33 
ckmake END TIME=2026/09/22 17:06:33 
gen_infolog START TIME=2026/09/22 17:06:34 
gen_infolog END TIME=2026/09/22 17:06:34 
gen_infomakelog START TIME=2026/09/22 17:06:34 
gen_infomakelog END TIME=2026/09/22 17:06:34 
gencustominfo START TIME=2026/09/22 17:06:34 
gencustominfo END TIME=2026/09/22 17:06:34 
drv_feature_check START TIME=2026/09/22 17:06:34 
drv_feature_check END TIME=2026/09/22 17:06:34 
cleanbin START TIME=2026/09/22 17:06:34 
cleanbin END TIME=2026/09/22 17:06:34 
build/LCSH6795_LWT_L/LWG/bin/dep/codegen_dep/nvram_auto_gen.det START TIME=2026/09/22 17:06:35 
build/LCSH6795_LWT_L/LWG/bin/dep/codegen_dep/nvram_auto_gen.det END TIME=2026/09/22 17:06:40 
build/LCSH6795_LWT_L/LWG/bin/dep/codegen_dep/cgen_preflow.det START TIME=2026/09/22 17:06:48 
build/LCSH6795_LWT_L/LWG/bin/dep/codegen_dep/cgen_cfg_Modem.det END TIME=2026/09/22 17:07:11 
build/LCSH6795_LWT_L/LWG/bin/log/ckSysDrv.log START TIME=2026/09/22 17:07:11 
build/LCSH6795_LWT_L/LWG/bin/log/ckSysDrv.log END TIME=2026/09/22 17:07:11 
genverno START TIME=2026/09/22 17:07:11 
genverno END TIME=2026/09/22 17:07:11 
cleanlib START TIME=2026/09/22 17:07:11 
cleanlib END TIME=2026/09/22 17:07:13 
asn1_common START TIME=2026/09/22 17:07:14 
asn1_common END TIME=2026/09/22 17:07:15 
audio START TIME=2026/09/22 17:07:15 
audio END TIME=2026/09/22 17:07:15 
ccci START TIME=2026/09/22 17:07:16 
ccci END TIME=2026/09/22 17:07:16 
cccidev START TIME=2026/09/22 17:07:16 
cccidev END TIME=2026/09/22 17:07:17 
cccisrv START TIME=2026/09/22 17:07:17 
cccisrv END TIME=2026/09/22 17:07:18 
config START TIME=2026/09/22 17:07:18 
config END TIME=2026/09/22 17:07:18 
custom START TIME=2026/09/22 17:07:18 
custom END TIME=2026/09/22 17:07:21 
dbinfo START TIME=2026/09/22 17:07:21 
dbinfo END TIME=2026/09/22 17:07:21 
devdrv START TIME=2026/09/22 17:07:21 
devdrv END TIME=2026/09/22 17:07:23 
drv START TIME=2026/09/22 17:07:23 
drv END TIME=2026/09/22 17:07:24 
ephy_ext START TIME=2026/09/22 17:07:24 
ephy_ext END TIME=2026/09/22 17:07:24 
ft START TIME=2026/09/22 17:07:24 
ft END TIME=2026/09/22 17:07:25 
ftc START TIME=2026/09/22 17:07:25 
ftc END TIME=2026/09/22 17:07:26 
hmu START TIME=2026/09/22 17:07:26 
hmu END TIME=2026/09/22 17:07:26 
ipcore START TIME=2026/09/22 17:07:26 
ipcore END TIME=2026/09/22 17:07:27 
l1_ext START TIME=2026/09/22 17:07:27 
l1_ext END TIME=2026/09/22 17:07:28 
l4misc START TIME=2026/09/22 17:07:28 
l4misc END TIME=2026/09/22 17:07:29 
mc START TIME=2026/09/22 17:07:29 
mc END TIME=2026/09/22 17:07:29 
md_drv START TIME=2026/09/22 17:07:29 
md_drv END TIME=2026/09/22 17:07:30 
media START TIME=2026/09/22 17:07:30 
media END TIME=2026/09/22 17:07:30 
mml1_rf_ext START TIME=2026/09/22 17:07:31 
mml1_rf_ext END TIME=2026/09/22 17:07:31 
nvram START TIME=2026/09/22 17:07:31 
nvram END TIME=2026/09/22 17:07:32 
sys_drv START TIME=2026/09/22 17:07:32 
sys_drv END TIME=2026/09/22 17:07:33 
sys_svc START TIME=2026/09/22 17:07:33 
sys_svc END TIME=2026/09/22 17:07:33 
tty START TIME=2026/09/22 17:07:34 
tty END TIME=2026/09/22 17:07:34 
uartcore START TIME=2026/09/22 17:07:34 
uartcore END TIME=2026/09/22 17:07:35 
ul1_hs_plus_ext START TIME=2026/09/22 17:07:35 
ul1_hs_plus_ext END TIME=2026/09/22 17:07:35 
verno START TIME=2026/09/22 17:07:35 
verno END TIME=2026/09/22 17:07:36 
gen_infolog START TIME=2026/09/22 17:07:38 
gen_infolog END TIME=2026/09/22 17:07:39 
gen_infomakelog START TIME=2026/09/22 17:07:39 
gen_infomakelog END TIME=2026/09/22 17:07:39 
gencustominfo START TIME=2026/09/22 17:07:39 
gencustominfo END TIME=2026/09/22 17:07:39 
drv_feature_check START TIME=2026/09/22 17:07:39 
drv_feature_check END TIME=2026/09/22 17:07:39 
copy_br_bin START TIME=2026/09/22 17:07:40 
copy_br_bin END TIME=2026/09/22 17:07:40 
cmmgen START TIME=2026/09/22 17:07:49 
cmmgen END TIME=2026/09/22 17:07:49 
LOCAL_MACHINE=%COMPUTERNAME%
PROJECT_NAME=LCSH6795_LWT_L
PLATFORM=NONE
FLAVOR=LWG
VERNO=MOLY.LR9.W1423.MD.LWTG.MP.V24
ARMLMD_LICENSE_FILE=%ARMLMD_LICENSE_FILE%
COMMAND=make LCSH6795_LWT_L(LWG).mak u
BUILD END TIME=2026/09/22 17:07:49 
